// Jest Snapshot v1, https://goo.gl/fbAQLP

exports[`Signup should match snapshot 1`] = `
<RNCSafeAreaProvider
  onInsetsChange={[Function]}
  style={
    Array [
      Object {
        "flex": 1,
      },
      undefined,
    ]
  }
>
  <View
    dataSet={Object {}}
    style={
      Object {
        "display": "flex",
        "flex": 1,
        "flexDirection": "column",
      }
    }
  >
    <View
      dataSet={Object {}}
      style={
        Object {
          "display": "flex",
          "flex": 1,
          "flexDirection": "column",
        }
      }
    />
    <View
      dataSet={Object {}}
      style={
        Object {
          "display": "flex",
          "flex": 4,
          "flexDirection": "row",
          "justifyContent": "center",
          "paddingBottom": 20,
          "paddingLeft": 20,
          "paddingRight": 20,
          "paddingTop": 20,
        }
      }
    >
      <View
        dataSet={Object {}}
        style={
          Array [
            Object {
              "alignSelf": "center",
              "backgroundColor": "#ffffff",
              "borderRadius": 20,
              "flex": 1,
              "paddingBottom": 20,
              "paddingLeft": 20,
              "paddingRight": 20,
              "paddingTop": 20,
            },
            Array [
              Object {},
            ],
          ]
        }
      >
        <View
          dataSet={Object {}}
          style={
            Array [
              Object {
                "display": "flex",
                "flexDirection": "row",
              },
              Array [
                Object {},
              ],
            ]
          }
          styleProps={Object {}}
        >
          <View
            dataSet={Object {}}
            style={
              Array [
                Object {
                  "backgroundColor": "#00238a",
                  "color": "#00238a",
                  "marginRight": 8,
                  "paddingRight": 8,
                },
                Array [
                  Object {},
                ],
              ]
            }
          />
          <Text
            dataSet={Object {}}
            style={
              Array [
                Object {
                  "backgroundColor": undefined,
                  "color": "#171717",
                  "fontFamily": undefined,
                  "fontSize": 20,
                  "fontStyle": "normal",
                  "fontWeight": "700",
                  "letterSpacing": 0,
                  "lineHeight": 30,
                  "textDecorationLine": undefined,
                },
                Array [
                  Object {
                    "textTransform": "capitalize",
                  },
                ],
              ]
            }
          >
            Welcome to Newor!
          </Text>
        </View>
        <View
          dataSet={Object {}}
          style={
            Object {
              "alignItems": "center",
              "display": "flex",
              "justifyContent": "center",
            }
          }
        >
          <Image
            accessibilityLabel="newor"
            alt="newor"
            dataSet={Object {}}
            onError={[Function]}
            source={
              Object {
                "testUri": "../../../src/asset/newor.png",
              }
            }
            style={
              Object {
                "height": 128,
                "maxWidth": "100%",
                "width": 128,
              }
            }
          />
        </View>
        <View
          dataSet={Object {}}
          isInvalid=""
          style={
            Object {
              "width": "100%",
            }
          }
        >
          <View
            dataSet={Object {}}
            isFocused={false}
            style={
              Object {
                "alignItems": "center",
                "borderColor": "#d4d4d4",
                "borderRadius": 4,
                "borderWidth": 1,
                "flexDirection": "row",
                "marginBottom": 20,
                "overflow": "hidden",
              }
            }
          >
            <TextInput
              accessibilityDescribedBy="field-react-aria-1-feedback"
              accessible={true}
              dataSet={Object {}}
              disabled={false}
              editable={true}
              isInvalid=""
              isRequired={false}
              nativeID="field-react-aria-1"
              onBlur={[Function]}
              onChangeText={[Function]}
              onFocus={[Function]}
              onKeyPress={[Function]}
              placeholder="First name"
              placeholderTextColor="#a3a3a3"
              readOnly={false}
              required={false}
              secureTextEntry={false}
              selectionColor="#1f2937"
              style={
                Array [
                  Object {
                    "backgroundColor": "transparent",
                    "color": "#171717",
                    "flex": 1,
                    "fontFamily": undefined,
                    "fontSize": 12,
                    "fontStyle": "normal",
                    "fontWeight": "400",
                    "height": "100%",
                    "paddingBottom": 8,
                    "paddingLeft": 12,
                    "paddingRight": 12,
                    "paddingTop": 8,
                    "width": "100%",
                  },
                  Array [
                    Object {
                      "fontSize": 14,
                    },
                  ],
                ]
              }
              testID="signup-input-firstName"
              value=""
            />
          </View>
        </View>
        <View
          dataSet={Object {}}
          isInvalid=""
          style={
            Object {
              "width": "100%",
            }
          }
        >
          <View
            dataSet={Object {}}
            isFocused={false}
            style={
              Object {
                "alignItems": "center",
                "borderColor": "#d4d4d4",
                "borderRadius": 4,
                "borderWidth": 1,
                "flexDirection": "row",
                "marginBottom": 20,
                "overflow": "hidden",
              }
            }
          >
            <TextInput
              accessibilityDescribedBy="field-react-aria-2-feedback"
              accessible={true}
              dataSet={Object {}}
              disabled={false}
              editable={true}
              isInvalid=""
              isRequired={false}
              nativeID="field-react-aria-2"
              onBlur={[Function]}
              onChangeText={[Function]}
              onFocus={[Function]}
              onKeyPress={[Function]}
              placeholder="Last name"
              placeholderTextColor="#a3a3a3"
              readOnly={false}
              required={false}
              secureTextEntry={false}
              selectionColor="#1f2937"
              style={
                Array [
                  Object {
                    "backgroundColor": "transparent",
                    "color": "#171717",
                    "flex": 1,
                    "fontFamily": undefined,
                    "fontSize": 12,
                    "fontStyle": "normal",
                    "fontWeight": "400",
                    "height": "100%",
                    "paddingBottom": 8,
                    "paddingLeft": 12,
                    "paddingRight": 12,
                    "paddingTop": 8,
                    "width": "100%",
                  },
                  Array [
                    Object {
                      "fontSize": 14,
                    },
                  ],
                ]
              }
              testID="signup-input-lastName"
              value=""
            />
          </View>
        </View>
        <View
          dataSet={Object {}}
          isInvalid=""
          style={
            Object {
              "width": "100%",
            }
          }
        >
          <View
            dataSet={Object {}}
            isFocused={false}
            style={
              Object {
                "alignItems": "center",
                "borderColor": "#d4d4d4",
                "borderRadius": 4,
                "borderWidth": 1,
                "flexDirection": "row",
                "marginBottom": 20,
                "overflow": "hidden",
              }
            }
          >
            <TextInput
              accessibilityDescribedBy="field-react-aria-3-feedback"
              accessible={true}
              dataSet={Object {}}
              disabled={false}
              editable={true}
              isInvalid=""
              isRequired={false}
              nativeID="field-react-aria-3"
              onBlur={[Function]}
              onChangeText={[Function]}
              onFocus={[Function]}
              onKeyPress={[Function]}
              placeholder="Email"
              placeholderTextColor="#a3a3a3"
              readOnly={false}
              required={false}
              secureTextEntry={false}
              selectionColor="#1f2937"
              style={
                Array [
                  Object {
                    "backgroundColor": "transparent",
                    "color": "#171717",
                    "flex": 1,
                    "fontFamily": undefined,
                    "fontSize": 12,
                    "fontStyle": "normal",
                    "fontWeight": "400",
                    "height": "100%",
                    "paddingBottom": 8,
                    "paddingLeft": 12,
                    "paddingRight": 12,
                    "paddingTop": 8,
                    "width": "100%",
                  },
                  Array [
                    Object {
                      "fontSize": 14,
                    },
                  ],
                ]
              }
              testID="signup-input-email"
              value=""
            />
          </View>
        </View>
        <View
          dataSet={Object {}}
          isInvalid=""
          style={
            Object {
              "width": "100%",
            }
          }
        >
          <View
            dataSet={Object {}}
            isFocused={false}
            style={
              Object {
                "alignItems": "center",
                "borderColor": "#d4d4d4",
                "borderRadius": 4,
                "borderWidth": 1,
                "flexDirection": "row",
                "marginBottom": 20,
                "overflow": "hidden",
              }
            }
          >
            <TextInput
              accessibilityDescribedBy="field-react-aria-4-feedback"
              accessible={true}
              dataSet={Object {}}
              disabled={false}
              editable={true}
              isInvalid=""
              isRequired={false}
              nativeID="field-react-aria-4"
              onBlur={[Function]}
              onChangeText={[Function]}
              onFocus={[Function]}
              onKeyPress={[Function]}
              placeholder="Password"
              placeholderTextColor="#a3a3a3"
              readOnly={false}
              required={false}
              secureTextEntry={true}
              selectionColor="#1f2937"
              style={
                Array [
                  Object {
                    "backgroundColor": "transparent",
                    "color": "#171717",
                    "flex": 1,
                    "fontFamily": undefined,
                    "fontSize": 12,
                    "fontStyle": "normal",
                    "fontWeight": "400",
                    "height": "100%",
                    "paddingBottom": 8,
                    "paddingLeft": 12,
                    "paddingRight": 12,
                    "paddingTop": 8,
                    "width": "100%",
                  },
                  Array [
                    Object {
                      "fontSize": 14,
                    },
                  ],
                ]
              }
              testID="signup-input-password"
              value=""
            />
          </View>
        </View>
        <View
          accessibilityRole="button"
          accessibilityState={
            Object {
              "disabled": true,
            }
          }
          accessible={true}
          collapsable={false}
          colorScheme="primary"
          dataSet={Object {}}
          focusable={true}
          onBlur={[Function]}
          onClick={[Function]}
          onFocus={[Function]}
          onResponderGrant={[Function]}
          onResponderMove={[Function]}
          onResponderRelease={[Function]}
          onResponderTerminate={[Function]}
          onResponderTerminationRequest={[Function]}
          onStartShouldSetResponder={[Function]}
          style={
            Array [
              Object {
                "alignItems": "center",
                "backgroundColor": "#ad0000",
                "borderRadius": 4,
                "flexDirection": "row",
                "justifyContent": "center",
                "marginBottom": 20,
                "opacity": 0.4,
                "paddingBottom": 10,
                "paddingLeft": 12,
                "paddingRight": 12,
                "paddingTop": 10,
              },
              Array [
                Object {},
              ],
            ]
          }
          testID="signup-submit"
        >
          <View
            dataSet={Object {}}
            style={
              Object {
                "alignItems": "center",
                "flexDirection": "row",
              }
            }
            test={true}
          >
            <View
              dataSet={Object {}}
              style={Object {}}
            >
              <Text
                dataSet={Object {}}
                style={
                  Object {
                    "backgroundColor": undefined,
                    "color": "#fafafa",
                    "fontFamily": undefined,
                    "fontSize": 14,
                    "fontStyle": "normal",
                    "fontWeight": "700",
                    "letterSpacing": 0,
                    "lineHeight": 21,
                    "textDecorationLine": undefined,
                  }
                }
              >
                Signup
              </Text>
            </View>
          </View>
        </View>
        <View
          dataSet={Object {}}
          style={
            Object {
              "display": "flex",
              "flexDirection": "row",
              "justifyContent": "center",
            }
          }
        >
          <Text
            dataSet={Object {}}
            style={
              Array [
                Object {
                  "backgroundColor": undefined,
                  "color": "#171717",
                  "fontFamily": undefined,
                  "fontSize": 16,
                  "fontStyle": "normal",
                  "fontWeight": "400",
                  "letterSpacing": 0,
                  "lineHeight": 24,
                  "textDecorationLine": undefined,
                },
                Array [
                  Object {},
                ],
              ]
            }
          >
            Already have an account?
             
          </Text>
          <Text
            dataSet={Object {}}
            link={true}
            onPress={[Function]}
            style={
              Array [
                Object {
                  "backgroundColor": undefined,
                  "color": "#3498db",
                  "fontFamily": undefined,
                  "fontSize": 16,
                  "fontStyle": "normal",
                  "fontWeight": "400",
                  "letterSpacing": 0,
                  "lineHeight": 24,
                  "textDecorationLine": "underline",
                },
                Array [
                  Object {},
                ],
              ]
            }
          >
            Login
          </Text>
        </View>
      </View>
    </View>
    <View
      dataSet={Object {}}
      style={
        Object {
          "display": "flex",
          "flex": 1,
          "flexDirection": "column",
        }
      }
    />
  </View>
</RNCSafeAreaProvider>
`;
