// Jest Snapshot v1, https://goo.gl/fbAQLP

exports[`Profile should match snapshot 1`] = `
<RNCSafeAreaProvider
  onInsetsChange={[Function]}
  style={
    Array [
      Object {
        "flex": 1,
      },
      undefined,
    ]
  }
>
  <View
    onLayout={[Function]}
    style={
      Object {
        "alignItems": "center",
        "flex": 1,
        "justifyContent": "center",
      }
    }
  >
    <View
      onMoveShouldSetResponder={[Function]}
      onMoveShouldSetResponderCapture={[Function]}
      onResponderEnd={[Function]}
      onResponderGrant={[Function]}
      onResponderMove={[Function]}
      onResponderReject={[Function]}
      onResponderRelease={[Function]}
      onResponderStart={[Function]}
      onResponderTerminate={[Function]}
      onResponderTerminationRequest={[Function]}
      onStartShouldSetResponder={[Function]}
      onStartShouldSetResponderCapture={[Function]}
      style={
        Array [
          Object {
            "borderWidth": 0,
            "left": 0,
            "position": "absolute",
            "top": 0,
          },
          Object {
            "height": 1334,
            "width": 750,
          },
        ]
      }
    >
      <View
        style={
          Array [
            Object {
              "position": "absolute",
            },
          ]
        }
      >
        <RNSVGSvgView
          bbHeight={1334}
          bbWidth={750}
          focusable={false}
          height={1334}
          style={
            Array [
              Object {
                "backgroundColor": "transparent",
                "borderWidth": 0,
              },
              Object {
                "flex": 0,
                "height": 1334,
                "width": 750,
              },
            ]
          }
          width={750}
        >
          <RNSVGGroup>
            <RNSVGCircle
              cx={0}
              cy={1334}
              fill={4294967295}
              propList={
                Array [
                  "fill",
                  "stroke",
                  "strokeWidth",
                ]
              }
              r={250}
              stroke={4278199178}
              strokeWidth={25}
            />
            <RNSVGCircle
              cx={0}
              cy={1334}
              fill={4294967295}
              propList={
                Array [
                  "fill",
                  "stroke",
                  "strokeWidth",
                ]
              }
              r={150}
              stroke={4278199178}
              strokeWidth={25}
            />
            <RNSVGCircle
              cx={750}
              cy={0}
              fill={4294967295}
              propList={
                Array [
                  "fill",
                  "stroke",
                  "strokeWidth",
                ]
              }
              r={250}
              stroke={4289527808}
              strokeWidth={25}
            />
            <RNSVGCircle
              cx={750}
              cy={0}
              fill={4294967295}
              propList={
                Array [
                  "fill",
                  "stroke",
                  "strokeWidth",
                ]
              }
              r={150}
              stroke={4289527808}
              strokeWidth={25}
            />
          </RNSVGGroup>
        </RNSVGSvgView>
      </View>
      <View
        flex={1}
        onLayout={[Function]}
        style={
          Object {
            "paddingBottom": 0,
          }
        }
      >
        <View
          dataSet={Object {}}
          style={
            Object {
              "display": "flex",
              "flex": 1,
              "flexDirection": "row",
              "justifyContent": "center",
              "paddingBottom": 20,
              "paddingLeft": 20,
              "paddingRight": 20,
              "paddingTop": 20,
            }
          }
        >
          <View
            dataSet={Object {}}
            elevation={1}
            shadowColor="#000000"
            shadowOffset={
              Object {
                "height": 1,
                "width": 0,
              }
            }
            shadowOpacity={0.8}
            shadowRadius={1}
            style={
              Array [
                Object {
                  "alignSelf": "center",
                  "backgroundColor": "#eeeeee",
                  "borderRadius": 20,
                  "flex": 1,
                  "paddingBottom": 20,
                  "paddingLeft": 20,
                  "paddingRight": 20,
                  "paddingTop": 20,
                },
                Array [
                  Object {},
                ],
              ]
            }
          >
            <View
              dataSet={Object {}}
              style={
                Object {
                  "alignItems": "center",
                  "flexDirection": "row",
                  "justifyContent": "space-between",
                  "marginBottom": 40,
                  "width": "100%",
                }
              }
            >
              <View
                dataSet={Object {}}
                style={
                  Array [
                    Object {
                      "display": "flex",
                      "flexDirection": "row",
                    },
                    Array [
                      Object {},
                    ],
                  ]
                }
                styleProps={Object {}}
              >
                <View
                  dataSet={Object {}}
                  style={
                    Array [
                      Object {
                        "backgroundColor": "#00238a",
                        "color": "#00238a",
                        "marginRight": 8,
                        "paddingRight": 8,
                      },
                      Array [
                        Object {},
                      ],
                    ]
                  }
                />
                <Text
                  dataSet={Object {}}
                  style={
                    Object {
                      "backgroundColor": undefined,
                      "color": "#171717",
                      "fontFamily": undefined,
                      "fontSize": 20,
                      "fontStyle": "normal",
                      "fontWeight": "700",
                      "letterSpacing": 0,
                      "lineHeight": 30,
                      "textDecorationLine": undefined,
                    }
                  }
                >
                  PROFILE
                </Text>
              </View>
              <View
                accessible={true}
                collapsable={false}
                focusable={true}
                onClick={[Function]}
                onResponderGrant={[Function]}
                onResponderMove={[Function]}
                onResponderRelease={[Function]}
                onResponderTerminate={[Function]}
                onResponderTerminationRequest={[Function]}
                onStartShouldSetResponder={[Function]}
                style={
                  Object {
                    "opacity": 1,
                  }
                }
              >
                <Text
                  allowFontScaling={false}
                  selectable={false}
                  style={
                    Array [
                      Object {
                        "color": "#000000",
                        "fontSize": 24,
                      },
                      undefined,
                      Object {
                        "fontFamily": "FontAwesome",
                        "fontStyle": "normal",
                        "fontWeight": "normal",
                      },
                      Object {},
                    ]
                  }
                >
                  ÔÄç
                </Text>
              </View>
            </View>
            <View
              dataSet={Object {}}
              style={
                Object {
                  "alignItems": "center",
                  "display": "flex",
                  "justifyContent": "center",
                }
              }
            >
              <View
                accessible={true}
                collapsable={false}
                focusable={true}
                onClick={[Function]}
                onResponderGrant={[Function]}
                onResponderMove={[Function]}
                onResponderRelease={[Function]}
                onResponderTerminate={[Function]}
                onResponderTerminationRequest={[Function]}
                onStartShouldSetResponder={[Function]}
                style={
                  Object {
                    "opacity": 1,
                  }
                }
                testID="profile-update-picture"
              >
                <View
                  colorScheme="muted"
                  dataSet={Object {}}
                  style={
                    Array [
                      Object {
                        "alignItems": "center",
                        "alignSelf": "flex-end",
                        "backgroundColor": "#ad0000",
                        "borderColor": "transparent",
                        "borderRadius": 9999,
                        "borderWidth": 1,
                        "flexDirection": "row",
                        "justifyContent": "center",
                        "marginBottom": -20,
                        "marginRight": -20,
                        "paddingBottom": 2,
                        "paddingLeft": 8,
                        "paddingRight": 8,
                        "paddingTop": 2,
                        "zIndex": 1,
                      },
                      Array [
                        Object {},
                      ],
                    ]
                  }
                >
                  <View
                    dataSet={Object {}}
                    style={Object {}}
                  >
                    <Text
                      allowFontScaling={false}
                      selectable={false}
                      style={
                        Array [
                          Object {
                            "color": "#ffffff",
                            "fontSize": 20,
                          },
                          undefined,
                          Object {
                            "fontFamily": "FontAwesome",
                            "fontStyle": "normal",
                            "fontWeight": "normal",
                          },
                          Object {},
                        ]
                      }
                    >
                      ÔÅÄ
                    </Text>
                  </View>
                </View>
                <View
                  dataSet={Object {}}
                  style={
                    Object {
                      "alignItems": "center",
                      "backgroundColor": "#ffffff",
                      "borderColor": "#27272a",
                      "borderRadius": 9999,
                      "height": 96,
                      "justifyContent": "center",
                      "position": "relative",
                      "width": 96,
                    }
                  }
                >
                  <Text
                    allowFontScaling={false}
                    selectable={false}
                    style={
                      Array [
                        Object {
                          "color": undefined,
                          "fontSize": 40,
                        },
                        undefined,
                        Object {
                          "fontFamily": "FontAwesome",
                          "fontStyle": "normal",
                          "fontWeight": "normal",
                        },
                        Object {},
                      ]
                    }
                  >
                    Ôàõ
                  </Text>
                </View>
              </View>
            </View>
            <View
              dataSet={Object {}}
              style={
                Object {
                  "marginBottom": 20,
                  "marginTop": 20,
                }
              }
            >
              <RCTScrollView
                contentContainerStyle={
                  Array [
                    Object {},
                    Object {
                      "dataSet": Object {},
                    },
                  ]
                }
                data={
                  Array [
                    Object {
                      "key": "firstName",
                      "label": "FIRST_NAME",
                    },
                    Object {
                      "key": "lastName",
                      "label": "LAST_NAME",
                    },
                    Object {
                      "key": "email",
                      "label": "EMAIL",
                    },
                    Object {
                      "key": "mobileNumber",
                      "label": "MOBILE_NUMBER",
                    },
                  ]
                }
                dataSet={Object {}}
                getItem={[Function]}
                getItemCount={[Function]}
                keyExtractor={[Function]}
                onContentSizeChange={[Function]}
                onLayout={[Function]}
                onMomentumScrollBegin={[Function]}
                onMomentumScrollEnd={[Function]}
                onScroll={[Function]}
                onScrollBeginDrag={[Function]}
                onScrollEndDrag={[Function]}
                removeClippedSubviews={false}
                renderItem={[Function]}
                scrollEventThrottle={50}
                stickyHeaderIndices={Array []}
                style={Object {}}
                viewabilityConfigCallbackPairs={Array []}
              >
                <View>
                  <View
                    onLayout={[Function]}
                    style={null}
                  >
                    <View
                      dataSet={Object {}}
                      style={Object {}}
                    >
                      <Text
                        dataSet={Object {}}
                        style={
                          Object {
                            "backgroundColor": undefined,
                            "color": "#171717",
                            "fontFamily": undefined,
                            "fontSize": 14,
                            "fontStyle": "normal",
                            "fontWeight": "700",
                            "letterSpacing": 0,
                            "lineHeight": 21,
                            "marginBottom": 4,
                            "textDecorationLine": undefined,
                          }
                        }
                      >
                        FIRST_NAME
                      </Text>
                      <View
                        dataSet={Object {}}
                        style={Object {}}
                      />
                      <Text
                        dataSet={Object {}}
                        style={
                          Object {
                            "backgroundColor": undefined,
                            "color": "#171717",
                            "fontFamily": undefined,
                            "fontSize": 16,
                            "fontStyle": "normal",
                            "fontWeight": "400",
                            "letterSpacing": 0,
                            "lineHeight": 24,
                            "textDecorationLine": undefined,
                          }
                        }
                      >
                        Hello
                      </Text>
                      <View
                        dataSet={Object {}}
                        style={Object {}}
                      />
                      <View
                        aria-orientation="horizontal"
                        dataSet={Object {}}
                        style={
                          Object {
                            "backgroundColor": "#d4d4d4",
                            "height": 1,
                            "marginBottom": 8,
                            "marginTop": 8,
                            "width": "100%",
                          }
                        }
                        thickness="1"
                      />
                    </View>
                  </View>
                  <View
                    onLayout={[Function]}
                    style={null}
                  >
                    <View
                      dataSet={Object {}}
                      style={Object {}}
                    >
                      <Text
                        dataSet={Object {}}
                        style={
                          Object {
                            "backgroundColor": undefined,
                            "color": "#171717",
                            "fontFamily": undefined,
                            "fontSize": 14,
                            "fontStyle": "normal",
                            "fontWeight": "700",
                            "letterSpacing": 0,
                            "lineHeight": 21,
                            "marginBottom": 4,
                            "textDecorationLine": undefined,
                          }
                        }
                      >
                        LAST_NAME
                      </Text>
                      <View
                        dataSet={Object {}}
                        style={Object {}}
                      />
                      <Text
                        dataSet={Object {}}
                        style={
                          Object {
                            "backgroundColor": undefined,
                            "color": "#171717",
                            "fontFamily": undefined,
                            "fontSize": 16,
                            "fontStyle": "normal",
                            "fontWeight": "400",
                            "letterSpacing": 0,
                            "lineHeight": 24,
                            "textDecorationLine": undefined,
                          }
                        }
                      >
                        World
                      </Text>
                      <View
                        dataSet={Object {}}
                        style={Object {}}
                      />
                      <View
                        aria-orientation="horizontal"
                        dataSet={Object {}}
                        style={
                          Object {
                            "backgroundColor": "#d4d4d4",
                            "height": 1,
                            "marginBottom": 8,
                            "marginTop": 8,
                            "width": "100%",
                          }
                        }
                        thickness="1"
                      />
                    </View>
                  </View>
                  <View
                    onLayout={[Function]}
                    style={null}
                  >
                    <View
                      dataSet={Object {}}
                      style={Object {}}
                    >
                      <Text
                        dataSet={Object {}}
                        style={
                          Object {
                            "backgroundColor": undefined,
                            "color": "#171717",
                            "fontFamily": undefined,
                            "fontSize": 14,
                            "fontStyle": "normal",
                            "fontWeight": "700",
                            "letterSpacing": 0,
                            "lineHeight": 21,
                            "marginBottom": 4,
                            "textDecorationLine": undefined,
                          }
                        }
                      >
                        EMAIL
                      </Text>
                      <View
                        dataSet={Object {}}
                        style={Object {}}
                      />
                      <Text
                        dataSet={Object {}}
                        style={
                          Object {
                            "backgroundColor": undefined,
                            "color": "#171717",
                            "fontFamily": undefined,
                            "fontSize": 16,
                            "fontStyle": "normal",
                            "fontWeight": "400",
                            "letterSpacing": 0,
                            "lineHeight": 24,
                            "textDecorationLine": undefined,
                          }
                        }
                      >
                        helloworld@test.com
                      </Text>
                      <View
                        dataSet={Object {}}
                        style={Object {}}
                      />
                      <View
                        aria-orientation="horizontal"
                        dataSet={Object {}}
                        style={
                          Object {
                            "backgroundColor": "#d4d4d4",
                            "height": 1,
                            "marginBottom": 8,
                            "marginTop": 8,
                            "width": "100%",
                          }
                        }
                        thickness="1"
                      />
                    </View>
                  </View>
                  <View
                    onLayout={[Function]}
                    style={null}
                  >
                    <View
                      dataSet={Object {}}
                      style={Object {}}
                    >
                      <Text
                        dataSet={Object {}}
                        style={
                          Object {
                            "backgroundColor": undefined,
                            "color": "#171717",
                            "fontFamily": undefined,
                            "fontSize": 14,
                            "fontStyle": "normal",
                            "fontWeight": "700",
                            "letterSpacing": 0,
                            "lineHeight": 21,
                            "marginBottom": 4,
                            "textDecorationLine": undefined,
                          }
                        }
                      >
                        MOBILE_NUMBER
                      </Text>
                      <View
                        dataSet={Object {}}
                        style={Object {}}
                      />
                      <Text
                        dataSet={Object {}}
                        style={
                          Object {
                            "backgroundColor": undefined,
                            "color": "#171717",
                            "fontFamily": undefined,
                            "fontSize": 16,
                            "fontStyle": "normal",
                            "fontWeight": "400",
                            "letterSpacing": 0,
                            "lineHeight": 24,
                            "textDecorationLine": undefined,
                          }
                        }
                      >
                        9876543210
                      </Text>
                      <View
                        dataSet={Object {}}
                        style={Object {}}
                      />
                      <View
                        aria-orientation="horizontal"
                        dataSet={Object {}}
                        style={
                          Object {
                            "backgroundColor": "#d4d4d4",
                            "height": 1,
                            "marginBottom": 8,
                            "marginTop": 8,
                            "width": "100%",
                          }
                        }
                        thickness="1"
                      />
                    </View>
                  </View>
                </View>
              </RCTScrollView>
            </View>
          </View>
        </View>
      </View>
      <View
        pointerEvents="none"
        style={
          Array [
            Object {
              "backgroundColor": "transparent",
              "bottom": 0,
              "left": 0,
              "position": "absolute",
              "right": 0,
              "top": 0,
            },
            undefined,
          ]
        }
      />
    </View>
    <View
      elevation={0}
      onMoveShouldSetResponder={[Function]}
      onMoveShouldSetResponderCapture={[Function]}
      onResponderEnd={[Function]}
      onResponderGrant={[Function]}
      onResponderMove={[Function]}
      onResponderReject={[Function]}
      onResponderRelease={[Function]}
      onResponderStart={[Function]}
      onResponderTerminate={[Function]}
      onResponderTerminationRequest={[Function]}
      onStartShouldSetResponder={[Function]}
      onStartShouldSetResponderCapture={[Function]}
      style={
        Array [
          Object {
            "borderWidth": 0,
            "left": -600,
            "position": "absolute",
            "top": 0,
          },
          Object {
            "height": 1334,
            "width": 600,
          },
        ]
      }
    >
      <View
        dataSet={Object {}}
        style={
          Array [
            Object {
              "backgroundColor": "#eeeeee",
              "flex": 1,
              "justifyContent": "space-between",
              "paddingBottom": 80,
              "paddingTop": 80,
            },
            Array [
              Object {},
            ],
          ]
        }
      >
        <RCTScrollView
          contentContainerStyle={
            Array [
              Object {},
              Object {
                "dataSet": Object {},
              },
            ]
          }
          data={
            Array [
              Object {
                "icon": <Icon
                  allowFontScaling={false}
                  color="#000000"
                  name="power-off"
                  size={24}
                />,
                "id": "LOGOUT",
                "label": "LOGOUT",
                "onPress": [Function],
              },
            ]
          }
          dataSet={Object {}}
          getItem={[Function]}
          getItemCount={[Function]}
          keyExtractor={[Function]}
          onContentSizeChange={[Function]}
          onLayout={[Function]}
          onMomentumScrollBegin={[Function]}
          onMomentumScrollEnd={[Function]}
          onScroll={[Function]}
          onScrollBeginDrag={[Function]}
          onScrollEndDrag={[Function]}
          removeClippedSubviews={false}
          renderItem={[Function]}
          scrollEventThrottle={50}
          stickyHeaderIndices={Array []}
          style={Object {}}
          viewabilityConfigCallbackPairs={Array []}
        >
          <View>
            <View
              onLayout={[Function]}
              style={null}
            >
              <View
                accessible={true}
                collapsable={false}
                focusable={true}
                onClick={[Function]}
                onResponderGrant={[Function]}
                onResponderMove={[Function]}
                onResponderRelease={[Function]}
                onResponderTerminate={[Function]}
                onResponderTerminationRequest={[Function]}
                onStartShouldSetResponder={[Function]}
                style={
                  Object {
                    "opacity": 1,
                  }
                }
              >
                <View
                  dataSet={Object {}}
                  style={
                    Array [
                      Object {
                        "borderBottomWidth": 1,
                        "borderColor": "#7f7f7f",
                        "paddingBottom": 8,
                        "paddingLeft": 16,
                        "paddingRight": 20,
                        "paddingTop": 8,
                      },
                      Array [
                        Object {},
                      ],
                    ]
                  }
                >
                  <View
                    dataSet={Object {}}
                    style={
                      Object {
                        "flexDirection": "row",
                      }
                    }
                  >
                    <Text
                      allowFontScaling={false}
                      selectable={false}
                      style={
                        Array [
                          Object {
                            "color": "#000000",
                            "fontSize": 24,
                          },
                          undefined,
                          Object {
                            "fontFamily": "FontAwesome",
                            "fontStyle": "normal",
                            "fontWeight": "normal",
                          },
                          Object {},
                        ]
                      }
                    >
                      ÔÄë
                    </Text>
                    <View
                      dataSet={Object {}}
                      style={
                        Object {
                          "width": 12,
                        }
                      }
                    />
                    <View
                      dataSet={Object {}}
                      style={
                        Object {
                          "justifyContent": "center",
                        }
                      }
                    >
                      <Text
                        dataSet={Object {}}
                        style={
                          Object {
                            "backgroundColor": undefined,
                            "color": "#171717",
                            "fontFamily": undefined,
                            "fontSize": 14,
                            "fontStyle": "normal",
                            "fontWeight": "700",
                            "letterSpacing": 0,
                            "lineHeight": 21,
                            "textDecorationLine": undefined,
                          }
                        }
                      >
                        LOGOUT
                      </Text>
                    </View>
                  </View>
                </View>
              </View>
            </View>
          </View>
        </RCTScrollView>
      </View>
      <View
        pointerEvents="none"
        style={
          Array [
            Object {
              "backgroundColor": "transparent",
              "bottom": 0,
              "left": 0,
              "position": "absolute",
              "right": 0,
              "top": 0,
            },
            undefined,
          ]
        }
      />
    </View>
  </View>
</RNCSafeAreaProvider>
`;
