// Jest Snapshot v1, https://goo.gl/fbAQLP

exports[`AppModal should match snapshot 1`] = `
<RNCSafeAreaProvider
  onInsetsChange={[Function]}
  style={
    Array [
      Object {
        "flex": 1,
      },
      undefined,
    ]
  }
>
  <View
    onLayout={[Function]}
    style={
      Object {
        "alignItems": "center",
        "flex": 1,
        "justifyContent": "center",
      }
    }
  >
    <View
      onMoveShouldSetResponder={[Function]}
      onMoveShouldSetResponderCapture={[Function]}
      onResponderEnd={[Function]}
      onResponderGrant={[Function]}
      onResponderMove={[Function]}
      onResponderReject={[Function]}
      onResponderRelease={[Function]}
      onResponderStart={[Function]}
      onResponderTerminate={[Function]}
      onResponderTerminationRequest={[Function]}
      onStartShouldSetResponder={[Function]}
      onStartShouldSetResponderCapture={[Function]}
      style={
        Array [
          Object {
            "borderWidth": 0,
            "left": 0,
            "position": "absolute",
            "top": 0,
          },
          Object {
            "height": 1334,
            "width": 750,
          },
        ]
      }
    >
      <View
        dataSet={Object {}}
        style={
          Array [
            Object {
              "backgroundColor": "#ad0000",
              "paddingBottom": 24,
              "paddingLeft": 24,
              "paddingRight": 24,
              "paddingTop": 24,
            },
            Array [
              Object {},
            ],
          ]
        }
      >
        <View
          dataSet={Object {}}
          style={
            Array [
              Object {
                "alignItems": "flex-end",
                "backgroundColor": "transparent",
                "flexDirection": "row",
                "justifyContent": "space-around",
              },
              Array [
                Object {},
              ],
            ]
          }
        >
          <View
            dataSet={Object {}}
            elevation={1}
            shadowColor="#000000"
            shadowOffset={
              Object {
                "height": 1,
                "width": 0,
              }
            }
            shadowOpacity={0.8}
            shadowRadius={1}
            style={
              Array [
                Object {
                  "alignItems": "center",
                  "backgroundColor": "transparent",
                  "position": "absolute",
                  "width": "100%",
                },
                Array [
                  Object {},
                ],
              ]
            }
          >
            <View
              dataSet={Object {}}
              style={
                Array [
                  Object {
                    "backgroundColor": "#eeeeee",
                    "borderRadius": 9999,
                    "height": 96,
                    "marginBottom": 12,
                    "width": 96,
                  },
                  Array [
                    Object {},
                  ],
                ]
              }
            />
          </View>
          <View
            dataSet={Object {}}
            style={Object {}}
          />
          <View
            dataSet={Object {}}
            elevation={1}
            shadowColor="#000000"
            shadowOffset={
              Object {
                "height": 1,
                "width": 0,
              }
            }
            shadowOpacity={0.8}
            shadowRadius={1}
            style={
              Array [
                Object {
                  "backgroundColor": "#eeeeee",
                  "borderRadius": 10,
                  "paddingBottom": 40,
                  "paddingLeft": 40,
                  "paddingRight": 40,
                  "paddingTop": 40,
                  "position": "absolute",
                  "width": "100%",
                },
                Array [
                  Object {},
                ],
              ]
            }
          />
          <View
            dataSet={Object {}}
            style={Object {}}
          />
          <View
            dataSet={Object {}}
            style={
              Object {
                "flex": 1,
                "marginBottom": 8,
                "marginLeft": 16,
              }
            }
          >
            <View
              accessible={true}
              collapsable={false}
              focusable={true}
              onClick={[Function]}
              onResponderGrant={[Function]}
              onResponderMove={[Function]}
              onResponderRelease={[Function]}
              onResponderTerminate={[Function]}
              onResponderTerminationRequest={[Function]}
              onStartShouldSetResponder={[Function]}
              style={
                Object {
                  "opacity": 1,
                }
              }
              testID="tab-liability"
            >
              <View
                dataSet={Object {}}
                style={
                  Object {
                    "alignItems": "center",
                  }
                }
              >
                <View
                  dataSet={Object {}}
                  style={
                    Object {
                      "alignItems": "center",
                      "borderRadius": 5,
                      "flexDirection": "row",
                      "paddingBottom": 4,
                      "paddingLeft": 4,
                      "paddingRight": 4,
                      "paddingTop": 4,
                    }
                  }
                >
                  <Text
                    allowFontScaling={false}
                    selectable={false}
                    style={
                      Array [
                        Object {
                          "color": "#000000",
                          "fontSize": 30,
                        },
                        undefined,
                        Object {
                          "fontFamily": "FontAwesome",
                          "fontStyle": "normal",
                          "fontWeight": "normal",
                        },
                        Object {},
                      ]
                    }
                  >
                    
                  </Text>
                  <View
                    dataSet={Object {}}
                    style={
                      Object {
                        "width": 4,
                      }
                    }
                  />
                  <Text
                    allowFontScaling={false}
                    selectable={false}
                    style={
                      Array [
                        Object {
                          "color": "#000000",
                          "fontSize": 20,
                        },
                        undefined,
                        Object {
                          "fontFamily": "FontAwesome",
                          "fontStyle": "normal",
                          "fontWeight": "normal",
                        },
                        Object {},
                      ]
                    }
                  >
                    
                  </Text>
                  <View
                    dataSet={Object {}}
                    style={
                      Object {
                        "width": 4,
                      }
                    }
                  />
                  <Text
                    allowFontScaling={false}
                    selectable={false}
                    style={
                      Array [
                        Object {
                          "color": "#000000",
                          "fontSize": 30,
                        },
                        undefined,
                        Object {
                          "fontFamily": "FontAwesome5Free-Solid",
                          "fontStyle": "normal",
                          "fontWeight": "normal",
                        },
                        Object {
                          "fontWeight": "900",
                        },
                      ]
                    }
                  >
                    
                  </Text>
                </View>
                <Text
                  dataSet={Object {}}
                  style={
                    Object {
                      "backgroundColor": undefined,
                      "color": "#171717",
                      "fontFamily": undefined,
                      "fontSize": 16,
                      "fontStyle": "normal",
                      "fontWeight": "700",
                      "letterSpacing": 0,
                      "lineHeight": 24,
                      "textDecorationLine": undefined,
                    }
                  }
                >
                  LIABILITIES
                </Text>
              </View>
            </View>
          </View>
          <View
            dataSet={Object {}}
            style={Object {}}
          />
          <View
            dataSet={Object {}}
            style={
              Object {
                "alignItems": "center",
                "flex": 1,
                "marginBottom": 4,
              }
            }
          >
            <View
              accessibilityRole="button"
              accessible={true}
              collapsable={false}
              colorScheme="primary"
              dataSet={Object {}}
              focusable={true}
              onBlur={[Function]}
              onClick={[Function]}
              onFocus={[Function]}
              onResponderGrant={[Function]}
              onResponderMove={[Function]}
              onResponderRelease={[Function]}
              onResponderTerminate={[Function]}
              onResponderTerminationRequest={[Function]}
              onStartShouldSetResponder={[Function]}
              style={
                Object {
                  "alignItems": "center",
                  "backgroundColor": "#ad0000",
                  "borderRadius": 9999,
                  "flexDirection": "row",
                  "height": 64,
                  "justifyContent": "center",
                  "width": 64,
                }
              }
            >
              <View
                dataSet={Object {}}
                style={
                  Object {
                    "alignItems": "center",
                    "flexDirection": "row",
                  }
                }
                test={true}
              >
                <View
                  dataSet={Object {}}
                  style={Object {}}
                >
                  <Text
                    dataSet={Object {}}
                    style={
                      Object {
                        "backgroundColor": undefined,
                        "color": "#fafafa",
                        "fontFamily": undefined,
                        "fontSize": 36,
                        "fontStyle": "normal",
                        "fontWeight": "400",
                        "letterSpacing": 0,
                        "lineHeight": 54,
                        "textDecorationLine": undefined,
                      }
                    }
                  >
                    ₹
                  </Text>
                </View>
              </View>
            </View>
            <Text
              dataSet={Object {}}
              style={
                Object {
                  "backgroundColor": undefined,
                  "color": "#171717",
                  "fontFamily": undefined,
                  "fontSize": 14,
                  "fontStyle": "normal",
                  "fontWeight": "400",
                  "letterSpacing": 0,
                  "lineHeight": 21,
                  "textDecorationLine": undefined,
                }
              }
            >
               
            </Text>
          </View>
          <View
            dataSet={Object {}}
            style={Object {}}
          />
          <View
            dataSet={Object {}}
            style={
              Object {
                "flex": 1,
                "marginBottom": 8,
                "marginRight": 16,
              }
            }
          >
            <View
              accessible={true}
              collapsable={false}
              focusable={true}
              onClick={[Function]}
              onResponderGrant={[Function]}
              onResponderMove={[Function]}
              onResponderRelease={[Function]}
              onResponderTerminate={[Function]}
              onResponderTerminationRequest={[Function]}
              onStartShouldSetResponder={[Function]}
              style={
                Object {
                  "opacity": 1,
                }
              }
              testID="tab-asset"
            >
              <View
                dataSet={Object {}}
                style={
                  Object {
                    "alignItems": "center",
                  }
                }
              >
                <View
                  dataSet={Object {}}
                  style={
                    Object {
                      "alignItems": "center",
                      "borderRadius": 5,
                      "flexDirection": "row",
                      "paddingBottom": 4,
                      "paddingLeft": 4,
                      "paddingRight": 4,
                      "paddingTop": 4,
                    }
                  }
                >
                  <Text
                    allowFontScaling={false}
                    selectable={false}
                    style={
                      Array [
                        Object {
                          "color": "#000000",
                          "fontSize": 30,
                        },
                        undefined,
                        Object {
                          "fontFamily": "FontAwesome",
                          "fontStyle": "normal",
                          "fontWeight": "normal",
                        },
                        Object {},
                      ]
                    }
                  >
                    
                  </Text>
                  <View
                    dataSet={Object {}}
                    style={
                      Object {
                        "width": 4,
                      }
                    }
                  />
                  <Text
                    allowFontScaling={false}
                    selectable={false}
                    style={
                      Array [
                        Object {
                          "color": "#000000",
                          "fontSize": 20,
                        },
                        undefined,
                        Object {
                          "fontFamily": "FontAwesome",
                          "fontStyle": "normal",
                          "fontWeight": "normal",
                        },
                        Object {},
                      ]
                    }
                  >
                    
                  </Text>
                  <View
                    dataSet={Object {}}
                    style={
                      Object {
                        "width": 4,
                      }
                    }
                  />
                  <Text
                    allowFontScaling={false}
                    selectable={false}
                    style={
                      Array [
                        Object {
                          "color": "#000000",
                          "fontSize": 30,
                        },
                        undefined,
                        Object {
                          "fontFamily": "FontAwesome",
                          "fontStyle": "normal",
                          "fontWeight": "normal",
                        },
                        Object {},
                      ]
                    }
                  >
                    
                  </Text>
                </View>
                <Text
                  dataSet={Object {}}
                  style={
                    Object {
                      "backgroundColor": undefined,
                      "color": "#171717",
                      "fontFamily": undefined,
                      "fontSize": 16,
                      "fontStyle": "normal",
                      "fontWeight": "700",
                      "letterSpacing": 0,
                      "lineHeight": 24,
                      "textDecorationLine": undefined,
                    }
                  }
                >
                  ASSETS
                </Text>
              </View>
            </View>
          </View>
        </View>
      </View>
      <View
        pointerEvents="none"
        style={
          Array [
            Object {
              "backgroundColor": "transparent",
              "bottom": 0,
              "left": 0,
              "position": "absolute",
              "right": 0,
              "top": 0,
            },
            undefined,
          ]
        }
      />
    </View>
    <View
      elevation={0}
      onMoveShouldSetResponder={[Function]}
      onMoveShouldSetResponderCapture={[Function]}
      onResponderEnd={[Function]}
      onResponderGrant={[Function]}
      onResponderMove={[Function]}
      onResponderReject={[Function]}
      onResponderRelease={[Function]}
      onResponderStart={[Function]}
      onResponderTerminate={[Function]}
      onResponderTerminationRequest={[Function]}
      onStartShouldSetResponder={[Function]}
      onStartShouldSetResponderCapture={[Function]}
      style={
        Array [
          Object {
            "borderWidth": 0,
            "left": -600,
            "position": "absolute",
            "top": 0,
          },
          Object {
            "height": 1334,
            "width": 600,
          },
        ]
      }
    >
      <View
        dataSet={Object {}}
        style={
          Array [
            Object {
              "backgroundColor": "#eeeeee",
              "flex": 1,
              "justifyContent": "space-between",
              "paddingBottom": 80,
              "paddingTop": 80,
            },
            Array [
              Object {},
            ],
          ]
        }
      >
        <View
          dataSet={Object {}}
          style={
            Array [
              Object {
                "borderBottomWidth": 1,
                "borderColor": "#7f7f7f",
                "paddingBottom": 12,
                "paddingLeft": 16,
                "paddingRight": 20,
                "paddingTop": 12,
              },
              Array [
                Object {},
              ],
            ]
          }
        >
          <View
            accessible={true}
            collapsable={false}
            focusable={true}
            onClick={[Function]}
            onResponderGrant={[Function]}
            onResponderMove={[Function]}
            onResponderRelease={[Function]}
            onResponderTerminate={[Function]}
            onResponderTerminationRequest={[Function]}
            onStartShouldSetResponder={[Function]}
            style={
              Object {
                "opacity": 1,
              }
            }
          >
            <View
              dataSet={Object {}}
              style={
                Object {
                  "alignItems": "center",
                }
              }
            >
              <View
                dataSet={Object {}}
                style={
                  Object {
                    "alignItems": "center",
                    "backgroundColor": "#a1a1aa",
                    "borderColor": "#27272a",
                    "borderRadius": 9999,
                    "height": 96,
                    "justifyContent": "center",
                    "position": "relative",
                    "width": 96,
                  }
                }
              >
                <Text
                  allowFontScaling={false}
                  selectable={false}
                  style={
                    Array [
                      Object {
                        "color": undefined,
                        "fontSize": 40,
                      },
                      undefined,
                      Object {
                        "fontFamily": "FontAwesome",
                        "fontStyle": "normal",
                        "fontWeight": "normal",
                      },
                      Object {},
                    ]
                  }
                >
                  
                </Text>
              </View>
              <View
                dataSet={Object {}}
                style={Object {}}
              />
              <Text
                dataSet={Object {}}
                style={
                  Object {
                    "backgroundColor": undefined,
                    "color": "#171717",
                    "fontFamily": undefined,
                    "fontSize": 18,
                    "fontStyle": "normal",
                    "fontWeight": "400",
                    "letterSpacing": 0,
                    "lineHeight": 27,
                    "marginBottom": 8,
                    "marginTop": 8,
                    "textDecorationLine": undefined,
                  }
                }
              >
                undefined undefined
              </Text>
            </View>
          </View>
        </View>
        <RCTScrollView
          contentContainerStyle={
            Array [
              Object {},
              Object {
                "dataSet": Object {},
              },
            ]
          }
          data={
            Array [
              Object {
                "icon": <Icon
                  allowFontScaling={false}
                  color="#000000"
                  name="power-off"
                  size={24}
                />,
                "id": "LOGOUT",
                "label": "LOGOUT",
                "onPress": [Function],
              },
            ]
          }
          dataSet={Object {}}
          getItem={[Function]}
          getItemCount={[Function]}
          keyExtractor={[Function]}
          onContentSizeChange={[Function]}
          onLayout={[Function]}
          onMomentumScrollBegin={[Function]}
          onMomentumScrollEnd={[Function]}
          onScroll={[Function]}
          onScrollBeginDrag={[Function]}
          onScrollEndDrag={[Function]}
          removeClippedSubviews={false}
          renderItem={[Function]}
          scrollEventThrottle={50}
          stickyHeaderIndices={Array []}
          style={Object {}}
          viewabilityConfigCallbackPairs={Array []}
        >
          <View>
            <View
              onLayout={[Function]}
              style={null}
            >
              <View
                accessible={true}
                collapsable={false}
                focusable={true}
                onClick={[Function]}
                onResponderGrant={[Function]}
                onResponderMove={[Function]}
                onResponderRelease={[Function]}
                onResponderTerminate={[Function]}
                onResponderTerminationRequest={[Function]}
                onStartShouldSetResponder={[Function]}
                style={
                  Object {
                    "opacity": 1,
                  }
                }
              >
                <View
                  dataSet={Object {}}
                  style={
                    Array [
                      Object {
                        "borderBottomWidth": 1,
                        "borderColor": "#7f7f7f",
                        "paddingBottom": 12,
                        "paddingLeft": 16,
                        "paddingRight": 20,
                        "paddingTop": 12,
                      },
                      Array [
                        Object {},
                      ],
                    ]
                  }
                >
                  <View
                    dataSet={Object {}}
                    style={
                      Object {
                        "flexDirection": "row",
                      }
                    }
                  >
                    <Text
                      allowFontScaling={false}
                      selectable={false}
                      style={
                        Array [
                          Object {
                            "color": "#000000",
                            "fontSize": 24,
                          },
                          undefined,
                          Object {
                            "fontFamily": "FontAwesome",
                            "fontStyle": "normal",
                            "fontWeight": "normal",
                          },
                          Object {},
                        ]
                      }
                    >
                      
                    </Text>
                    <View
                      dataSet={Object {}}
                      style={
                        Object {
                          "width": 12,
                        }
                      }
                    />
                    <View
                      dataSet={Object {}}
                      style={
                        Object {
                          "justifyContent": "center",
                        }
                      }
                    >
                      <Text
                        dataSet={Object {}}
                        style={
                          Object {
                            "backgroundColor": undefined,
                            "color": "#171717",
                            "fontFamily": undefined,
                            "fontSize": 14,
                            "fontStyle": "normal",
                            "fontWeight": "700",
                            "letterSpacing": 0,
                            "lineHeight": 21,
                            "textDecorationLine": undefined,
                          }
                        }
                      >
                        LOGOUT
                      </Text>
                    </View>
                  </View>
                </View>
              </View>
            </View>
          </View>
        </RCTScrollView>
      </View>
      <View
        pointerEvents="none"
        style={
          Array [
            Object {
              "backgroundColor": "transparent",
              "bottom": 0,
              "left": 0,
              "position": "absolute",
              "right": 0,
              "top": 0,
            },
            undefined,
          ]
        }
      />
    </View>
  </View>
</RNCSafeAreaProvider>
`;
